.......................................................................................................................................................................
----------------------------------------------------------------------
Ran 167 tests

OK
