 ID       | Error    | Type       | Path
-----------------------------------------------------------
 00000001 | 90000015 | Predictive | /Sys0/Node0/Proc0
 00000002 | 90000016 | Predictive | /Sys0/Node0/Membuf0
===========================================================
