Record ID:    0x00000001
========================
Error ID:     0x90000015
Error Type:   Predictive (0xe6)
Path Type: physical
>Sys, Instance #0
 >Node, Instance #0
  >Proc, Instance #0
