 ID       | Error    | Type       | Path
----------------------------------------------------------------------------------------------------------------------------------------------------------------
 00000001 | 00000000 | Manual     | /MFREFCLK255/MFREFCLK255/MFREFCLK255/MFREFCLK255/MFREFCLK255/MFREFCLK255/MFREFCLK255/MFREFCLK255/MFREFCLK255/MFREFCLK255
================================================================================================================================================================
