QA output created by commit-zero-blocks
Formatting 'TEST_DIR/t.IMGFMT.base', fmt=IMGFMT size=1048576
Formatting 'TEST_DIR/t.IMGFMT.mid', fmt=IMGFMT size=1048576 backing_file=TEST_DIR/t.IMGFMT.base backing_fmt=IMGFMT
Formatting 'TEST_DIR/t.IMGFMT', fmt=IMGFMT size=1048576 backing_file=TEST_DIR/t.IMGFMT.mid backing_fmt=IMGFMT
wrote 131072/131072 bytes at offset 65536
128 KiB, X ops; XX:XX:XX.X (XXX YYY/sec and XXX ops/sec)
discard 65536/65536 bytes at offset 65536
64 KiB, X ops; XX:XX:XX.X (XXX YYY/sec and XXX ops/sec)

=== Base image info before commit ===
image: TEST_DIR/t.IMGFMT.base
file format: IMGFMT
virtual size: 1 MiB (1048576 bytes)
[{ "start": 0, "length": 65536, "depth": 0, "present": false, "zero": true, "data": false, "compressed": false},
{ "start": 65536, "length": 131072, "depth": 0, "present": true, "zero": false, "data": true, "compressed": false, "offset": OFFSET},
{ "start": 196608, "length": 851968, "depth": 0, "present": false, "zero": true, "data": false, "compressed": false}]

=== Middle image info before commit ===
image: TEST_DIR/t.IMGFMT.mid
file format: IMGFMT
virtual size: 1 MiB (1048576 bytes)
backing file: TEST_DIR/t.IMGFMT.base
backing file format: IMGFMT
[{ "start": 0, "length": 65536, "depth": 1, "present": false, "zero": true, "data": false, "compressed": false},
{ "start": 65536, "length": 65536, "depth": 0, "present": true, "zero": true, "data": false, "compressed": false},
{ "start": 131072, "length": 65536, "depth": 1, "present": true, "zero": false, "data": true, "compressed": false, "offset": OFFSET},
{ "start": 196608, "length": 851968, "depth": 1, "present": false, "zero": true, "data": false, "compressed": false}]

=== Running QEMU Live Commit Test ===

{ 'execute': 'qmp_capabilities' }
{"return": {}}
{ 'execute': 'block-commit',
                                 'arguments': { 'device': 'test',
                                 'top': 'TEST_DIR/t.IMGFMT.mid',
                                 'base': 'TEST_DIR/t.IMGFMT.base'} }
{"timestamp": {"seconds":  TIMESTAMP, "microseconds":  TIMESTAMP}, "event": "JOB_STATUS_CHANGE", "data": {"status": "created", "id": "test"}}
{"timestamp": {"seconds":  TIMESTAMP, "microseconds":  TIMESTAMP}, "event": "JOB_STATUS_CHANGE", "data": {"status": "running", "id": "test"}}
{"return": {}}
{"timestamp": {"seconds":  TIMESTAMP, "microseconds":  TIMESTAMP}, "event": "JOB_STATUS_CHANGE", "data": {"status": "waiting", "id": "test"}}
{"timestamp": {"seconds":  TIMESTAMP, "microseconds":  TIMESTAMP}, "event": "JOB_STATUS_CHANGE", "data": {"status": "pending", "id": "test"}}
{"timestamp": {"seconds":  TIMESTAMP, "microseconds":  TIMESTAMP}, "event": "BLOCK_JOB_COMPLETED", "data": {"device": "test", "len": 1048576, "offset": 1048576, "speed": 0, "type": "commit"}}
{"timestamp": {"seconds":  TIMESTAMP, "microseconds":  TIMESTAMP}, "event": "JOB_STATUS_CHANGE", "data": {"status": "concluded", "id": "test"}}
{"timestamp": {"seconds":  TIMESTAMP, "microseconds":  TIMESTAMP}, "event": "JOB_STATUS_CHANGE", "data": {"status": "null", "id": "test"}}

=== Base image info after commit ===
image: TEST_DIR/t.IMGFMT.base
file format: IMGFMT
virtual size: 1 MiB (1048576 bytes)
[{ "start": 0, "length": 65536, "depth": 0, "present": false, "zero": true, "data": false, "compressed": false},
{ "start": 65536, "length": 65536, "depth": 0, "present": true, "zero": true, "data": false, "compressed": false},
{ "start": 131072, "length": 65536, "depth": 0, "present": true, "zero": false, "data": true, "compressed": false, "offset": OFFSET},
{ "start": 196608, "length": 851968, "depth": 0, "present": false, "zero": true, "data": false, "compressed": false}]
*** done
