QA output created by mirror-sparse

=== Initial image setup ===

Formatting 'TEST_DIR/t.IMGFMT.base', fmt=IMGFMT size=20971520
wrote 2097152/2097152 bytes at offset 8388608
2 MiB, X ops; XX:XX:XX.X (XXX YYY/sec and XXX ops/sec)
{"execute": "qmp_capabilities"}
{"return": {}}

=== Testing creation=external discard=ignore zeroes=off ===

{"execute": "blockdev-add", "arguments":
                     {"node-name": "dst", "driver":"file",
                      "filename":"TEST_DIR/t.IMGFMT", "aio":"threads",
                      "auto-read-only":true, "discard":"ignore",
                      "detect-zeroes":"off"}}
{"return": {}}
{"execute":"blockdev-mirror", "arguments":
                     {"sync":"full", "device":"src", "target":"dst",
                      "job-id":"job2"}}
{"timestamp": {"seconds":  TIMESTAMP, "microseconds":  TIMESTAMP}, "event": "JOB_STATUS_CHANGE", "data": {"status": "created", "id": "job2"}}
{"timestamp": {"seconds":  TIMESTAMP, "microseconds":  TIMESTAMP}, "event": "JOB_STATUS_CHANGE", "data": {"status": "running", "id": "job2"}}
{"return": {}}
{"timestamp": {"seconds":  TIMESTAMP, "microseconds":  TIMESTAMP}, "event": "JOB_STATUS_CHANGE", "data": {"status": "ready", "id": "job2"}}
{"execute": "job-complete", "arguments":
               {"id":"job2"}}
{"timestamp": {"seconds":  TIMESTAMP, "microseconds":  TIMESTAMP}, "event": "BLOCK_JOB_READY", "data": {"device": "job2", "len": LEN, "offset": OFFSET, "speed": 0, "type": "mirror"}}
{"return": {}}
{"execute": "blockdev-del", "arguments":
                {"node-name": "dst"}}
{"timestamp": {"seconds":  TIMESTAMP, "microseconds":  TIMESTAMP}, "event": "JOB_STATUS_CHANGE", "data": {"status": "waiting", "id": "job2"}}
{"timestamp": {"seconds":  TIMESTAMP, "microseconds":  TIMESTAMP}, "event": "JOB_STATUS_CHANGE", "data": {"status": "pending", "id": "job2"}}
{"timestamp": {"seconds":  TIMESTAMP, "microseconds":  TIMESTAMP}, "event": "BLOCK_JOB_COMPLETED", "data": {"device": "job2", "len": LEN, "offset": OFFSET, "speed": 0, "type": "mirror"}}
{"timestamp": {"seconds":  TIMESTAMP, "microseconds":  TIMESTAMP}, "event": "JOB_STATUS_CHANGE", "data": {"status": "concluded", "id": "job2"}}
{"timestamp": {"seconds":  TIMESTAMP, "microseconds":  TIMESTAMP}, "event": "JOB_STATUS_CHANGE", "data": {"status": "null", "id": "job2"}}
{"return": {}}
Images are identical.
Destination is sparse; expected sparse

=== Testing creation=external discard=unmap zeroes=off ===

{"execute": "blockdev-add", "arguments":
                     {"node-name": "dst", "driver":"file",
                      "filename":"TEST_DIR/t.IMGFMT", "aio":"threads",
                      "auto-read-only":true, "discard":"unmap",
                      "detect-zeroes":"off"}}
{"return": {}}
{"execute":"blockdev-mirror", "arguments":
                     {"sync":"full", "device":"src", "target":"dst",
                      "job-id":"job2"}}
{"timestamp": {"seconds":  TIMESTAMP, "microseconds":  TIMESTAMP}, "event": "JOB_STATUS_CHANGE", "data": {"status": "created", "id": "job2"}}
{"timestamp": {"seconds":  TIMESTAMP, "microseconds":  TIMESTAMP}, "event": "JOB_STATUS_CHANGE", "data": {"status": "running", "id": "job2"}}
{"return": {}}
{"timestamp": {"seconds":  TIMESTAMP, "microseconds":  TIMESTAMP}, "event": "JOB_STATUS_CHANGE", "data": {"status": "ready", "id": "job2"}}
{"execute": "job-complete", "arguments":
               {"id":"job2"}}
{"timestamp": {"seconds":  TIMESTAMP, "microseconds":  TIMESTAMP}, "event": "BLOCK_JOB_READY", "data": {"device": "job2", "len": LEN, "offset": OFFSET, "speed": 0, "type": "mirror"}}
{"return": {}}
{"execute": "blockdev-del", "arguments":
                {"node-name": "dst"}}
{"timestamp": {"seconds":  TIMESTAMP, "microseconds":  TIMESTAMP}, "event": "JOB_STATUS_CHANGE", "data": {"status": "waiting", "id": "job2"}}
{"timestamp": {"seconds":  TIMESTAMP, "microseconds":  TIMESTAMP}, "event": "JOB_STATUS_CHANGE", "data": {"status": "pending", "id": "job2"}}
{"timestamp": {"seconds":  TIMESTAMP, "microseconds":  TIMESTAMP}, "event": "BLOCK_JOB_COMPLETED", "data": {"device": "job2", "len": LEN, "offset": OFFSET, "speed": 0, "type": "mirror"}}
{"timestamp": {"seconds":  TIMESTAMP, "microseconds":  TIMESTAMP}, "event": "JOB_STATUS_CHANGE", "data": {"status": "concluded", "id": "job2"}}
{"timestamp": {"seconds":  TIMESTAMP, "microseconds":  TIMESTAMP}, "event": "JOB_STATUS_CHANGE", "data": {"status": "null", "id": "job2"}}
{"return": {}}
Images are identical.
Destination is sparse; expected sparse

=== Testing creation=external discard=unmap zeroes=unmap ===

{"execute": "blockdev-add", "arguments":
                     {"node-name": "dst", "driver":"file",
                      "filename":"TEST_DIR/t.IMGFMT", "aio":"threads",
                      "auto-read-only":true, "discard":"unmap",
                      "detect-zeroes":"unmap"}}
{"return": {}}
{"execute":"blockdev-mirror", "arguments":
                     {"sync":"full", "device":"src", "target":"dst",
                      "job-id":"job2"}}
{"timestamp": {"seconds":  TIMESTAMP, "microseconds":  TIMESTAMP}, "event": "JOB_STATUS_CHANGE", "data": {"status": "created", "id": "job2"}}
{"timestamp": {"seconds":  TIMESTAMP, "microseconds":  TIMESTAMP}, "event": "JOB_STATUS_CHANGE", "data": {"status": "running", "id": "job2"}}
{"return": {}}
{"timestamp": {"seconds":  TIMESTAMP, "microseconds":  TIMESTAMP}, "event": "JOB_STATUS_CHANGE", "data": {"status": "ready", "id": "job2"}}
{"execute": "job-complete", "arguments":
               {"id":"job2"}}
{"timestamp": {"seconds":  TIMESTAMP, "microseconds":  TIMESTAMP}, "event": "BLOCK_JOB_READY", "data": {"device": "job2", "len": LEN, "offset": OFFSET, "speed": 0, "type": "mirror"}}
{"return": {}}
{"execute": "blockdev-del", "arguments":
                {"node-name": "dst"}}
{"timestamp": {"seconds":  TIMESTAMP, "microseconds":  TIMESTAMP}, "event": "JOB_STATUS_CHANGE", "data": {"status": "waiting", "id": "job2"}}
{"timestamp": {"seconds":  TIMESTAMP, "microseconds":  TIMESTAMP}, "event": "JOB_STATUS_CHANGE", "data": {"status": "pending", "id": "job2"}}
{"timestamp": {"seconds":  TIMESTAMP, "microseconds":  TIMESTAMP}, "event": "BLOCK_JOB_COMPLETED", "data": {"device": "job2", "len": LEN, "offset": OFFSET, "speed": 0, "type": "mirror"}}
{"timestamp": {"seconds":  TIMESTAMP, "microseconds":  TIMESTAMP}, "event": "JOB_STATUS_CHANGE", "data": {"status": "concluded", "id": "job2"}}
{"timestamp": {"seconds":  TIMESTAMP, "microseconds":  TIMESTAMP}, "event": "JOB_STATUS_CHANGE", "data": {"status": "null", "id": "job2"}}
{"return": {}}
Images are identical.
Destination is sparse; expected sparse

=== Testing creation=off discard=ignore zeroes=off ===

{"execute": "blockdev-create", "arguments":
          {"options": {"driver":"file", "filename":"TEST_DIR/t.IMGFMT",
            "size":20971520, "preallocation":"off"},
           "job-id":"job1"}}
{"timestamp": {"seconds":  TIMESTAMP, "microseconds":  TIMESTAMP}, "event": "JOB_STATUS_CHANGE", "data": {"status": "created", "id": "job1"}}
{"timestamp": {"seconds":  TIMESTAMP, "microseconds":  TIMESTAMP}, "event": "JOB_STATUS_CHANGE", "data": {"status": "running", "id": "job1"}}
{"return": {}}
{"timestamp": {"seconds":  TIMESTAMP, "microseconds":  TIMESTAMP}, "event": "JOB_STATUS_CHANGE", "data": {"status": "waiting", "id": "job1"}}
{"timestamp": {"seconds":  TIMESTAMP, "microseconds":  TIMESTAMP}, "event": "JOB_STATUS_CHANGE", "data": {"status": "pending", "id": "job1"}}
{"timestamp": {"seconds":  TIMESTAMP, "microseconds":  TIMESTAMP}, "event": "JOB_STATUS_CHANGE", "data": {"status": "concluded", "id": "job1"}}
{"execute": "job-dismiss", "arguments":
          {"id": "job1"}}
{"timestamp": {"seconds":  TIMESTAMP, "microseconds":  TIMESTAMP}, "event": "JOB_STATUS_CHANGE", "data": {"status": "null", "id": "job1"}}
{"return": {}}
{"execute": "blockdev-add", "arguments":
                     {"node-name": "dst", "driver":"file",
                      "filename":"TEST_DIR/t.IMGFMT", "aio":"threads",
                      "auto-read-only":true, "discard":"ignore",
                      "detect-zeroes":"off"}}
{"return": {}}
{"execute":"blockdev-mirror", "arguments":
                     {"sync":"full", "device":"src", "target":"dst",
                      "job-id":"job2"}}
{"timestamp": {"seconds":  TIMESTAMP, "microseconds":  TIMESTAMP}, "event": "JOB_STATUS_CHANGE", "data": {"status": "created", "id": "job2"}}
{"timestamp": {"seconds":  TIMESTAMP, "microseconds":  TIMESTAMP}, "event": "JOB_STATUS_CHANGE", "data": {"status": "running", "id": "job2"}}
{"return": {}}
{"timestamp": {"seconds":  TIMESTAMP, "microseconds":  TIMESTAMP}, "event": "JOB_STATUS_CHANGE", "data": {"status": "ready", "id": "job2"}}
{"execute": "job-complete", "arguments":
               {"id":"job2"}}
{"timestamp": {"seconds":  TIMESTAMP, "microseconds":  TIMESTAMP}, "event": "BLOCK_JOB_READY", "data": {"device": "job2", "len": LEN, "offset": OFFSET, "speed": 0, "type": "mirror"}}
{"return": {}}
{"execute": "blockdev-del", "arguments":
                {"node-name": "dst"}}
{"timestamp": {"seconds":  TIMESTAMP, "microseconds":  TIMESTAMP}, "event": "JOB_STATUS_CHANGE", "data": {"status": "waiting", "id": "job2"}}
{"timestamp": {"seconds":  TIMESTAMP, "microseconds":  TIMESTAMP}, "event": "JOB_STATUS_CHANGE", "data": {"status": "pending", "id": "job2"}}
{"timestamp": {"seconds":  TIMESTAMP, "microseconds":  TIMESTAMP}, "event": "BLOCK_JOB_COMPLETED", "data": {"device": "job2", "len": LEN, "offset": OFFSET, "speed": 0, "type": "mirror"}}
{"timestamp": {"seconds":  TIMESTAMP, "microseconds":  TIMESTAMP}, "event": "JOB_STATUS_CHANGE", "data": {"status": "concluded", "id": "job2"}}
{"timestamp": {"seconds":  TIMESTAMP, "microseconds":  TIMESTAMP}, "event": "JOB_STATUS_CHANGE", "data": {"status": "null", "id": "job2"}}
{"return": {}}
Images are identical.
Destination is sparse; expected sparse

=== Testing creation=off discard=unmap zeroes=off ===

{"execute": "blockdev-create", "arguments":
          {"options": {"driver":"file", "filename":"TEST_DIR/t.IMGFMT",
            "size":20971520, "preallocation":"off"},
           "job-id":"job1"}}
{"timestamp": {"seconds":  TIMESTAMP, "microseconds":  TIMESTAMP}, "event": "JOB_STATUS_CHANGE", "data": {"status": "created", "id": "job1"}}
{"timestamp": {"seconds":  TIMESTAMP, "microseconds":  TIMESTAMP}, "event": "JOB_STATUS_CHANGE", "data": {"status": "running", "id": "job1"}}
{"return": {}}
{"timestamp": {"seconds":  TIMESTAMP, "microseconds":  TIMESTAMP}, "event": "JOB_STATUS_CHANGE", "data": {"status": "waiting", "id": "job1"}}
{"timestamp": {"seconds":  TIMESTAMP, "microseconds":  TIMESTAMP}, "event": "JOB_STATUS_CHANGE", "data": {"status": "pending", "id": "job1"}}
{"timestamp": {"seconds":  TIMESTAMP, "microseconds":  TIMESTAMP}, "event": "JOB_STATUS_CHANGE", "data": {"status": "concluded", "id": "job1"}}
{"execute": "job-dismiss", "arguments":
          {"id": "job1"}}
{"timestamp": {"seconds":  TIMESTAMP, "microseconds":  TIMESTAMP}, "event": "JOB_STATUS_CHANGE", "data": {"status": "null", "id": "job1"}}
{"return": {}}
{"execute": "blockdev-add", "arguments":
                     {"node-name": "dst", "driver":"file",
                      "filename":"TEST_DIR/t.IMGFMT", "aio":"threads",
                      "auto-read-only":true, "discard":"unmap",
                      "detect-zeroes":"off"}}
{"return": {}}
{"execute":"blockdev-mirror", "arguments":
                     {"sync":"full", "device":"src", "target":"dst",
                      "job-id":"job2"}}
{"timestamp": {"seconds":  TIMESTAMP, "microseconds":  TIMESTAMP}, "event": "JOB_STATUS_CHANGE", "data": {"status": "created", "id": "job2"}}
{"timestamp": {"seconds":  TIMESTAMP, "microseconds":  TIMESTAMP}, "event": "JOB_STATUS_CHANGE", "data": {"status": "running", "id": "job2"}}
{"return": {}}
{"timestamp": {"seconds":  TIMESTAMP, "microseconds":  TIMESTAMP}, "event": "JOB_STATUS_CHANGE", "data": {"status": "ready", "id": "job2"}}
{"execute": "job-complete", "arguments":
               {"id":"job2"}}
{"timestamp": {"seconds":  TIMESTAMP, "microseconds":  TIMESTAMP}, "event": "BLOCK_JOB_READY", "data": {"device": "job2", "len": LEN, "offset": OFFSET, "speed": 0, "type": "mirror"}}
{"return": {}}
{"execute": "blockdev-del", "arguments":
                {"node-name": "dst"}}
{"timestamp": {"seconds":  TIMESTAMP, "microseconds":  TIMESTAMP}, "event": "JOB_STATUS_CHANGE", "data": {"status": "waiting", "id": "job2"}}
{"timestamp": {"seconds":  TIMESTAMP, "microseconds":  TIMESTAMP}, "event": "JOB_STATUS_CHANGE", "data": {"status": "pending", "id": "job2"}}
{"timestamp": {"seconds":  TIMESTAMP, "microseconds":  TIMESTAMP}, "event": "BLOCK_JOB_COMPLETED", "data": {"device": "job2", "len": LEN, "offset": OFFSET, "speed": 0, "type": "mirror"}}
{"timestamp": {"seconds":  TIMESTAMP, "microseconds":  TIMESTAMP}, "event": "JOB_STATUS_CHANGE", "data": {"status": "concluded", "id": "job2"}}
{"timestamp": {"seconds":  TIMESTAMP, "microseconds":  TIMESTAMP}, "event": "JOB_STATUS_CHANGE", "data": {"status": "null", "id": "job2"}}
{"return": {}}
Images are identical.
Destination is sparse; expected sparse

=== Testing creation=off discard=unmap zeroes=unmap ===

{"execute": "blockdev-create", "arguments":
          {"options": {"driver":"file", "filename":"TEST_DIR/t.IMGFMT",
            "size":20971520, "preallocation":"off"},
           "job-id":"job1"}}
{"timestamp": {"seconds":  TIMESTAMP, "microseconds":  TIMESTAMP}, "event": "JOB_STATUS_CHANGE", "data": {"status": "created", "id": "job1"}}
{"timestamp": {"seconds":  TIMESTAMP, "microseconds":  TIMESTAMP}, "event": "JOB_STATUS_CHANGE", "data": {"status": "running", "id": "job1"}}
{"return": {}}
{"timestamp": {"seconds":  TIMESTAMP, "microseconds":  TIMESTAMP}, "event": "JOB_STATUS_CHANGE", "data": {"status": "waiting", "id": "job1"}}
{"timestamp": {"seconds":  TIMESTAMP, "microseconds":  TIMESTAMP}, "event": "JOB_STATUS_CHANGE", "data": {"status": "pending", "id": "job1"}}
{"timestamp": {"seconds":  TIMESTAMP, "microseconds":  TIMESTAMP}, "event": "JOB_STATUS_CHANGE", "data": {"status": "concluded", "id": "job1"}}
{"execute": "job-dismiss", "arguments":
          {"id": "job1"}}
{"timestamp": {"seconds":  TIMESTAMP, "microseconds":  TIMESTAMP}, "event": "JOB_STATUS_CHANGE", "data": {"status": "null", "id": "job1"}}
{"return": {}}
{"execute": "blockdev-add", "arguments":
                     {"node-name": "dst", "driver":"file",
                      "filename":"TEST_DIR/t.IMGFMT", "aio":"threads",
                      "auto-read-only":true, "discard":"unmap",
                      "detect-zeroes":"unmap"}}
{"return": {}}
{"execute":"blockdev-mirror", "arguments":
                     {"sync":"full", "device":"src", "target":"dst",
                      "job-id":"job2"}}
{"timestamp": {"seconds":  TIMESTAMP, "microseconds":  TIMESTAMP}, "event": "JOB_STATUS_CHANGE", "data": {"status": "created", "id": "job2"}}
{"timestamp": {"seconds":  TIMESTAMP, "microseconds":  TIMESTAMP}, "event": "JOB_STATUS_CHANGE", "data": {"status": "running", "id": "job2"}}
{"return": {}}
{"timestamp": {"seconds":  TIMESTAMP, "microseconds":  TIMESTAMP}, "event": "JOB_STATUS_CHANGE", "data": {"status": "ready", "id": "job2"}}
{"execute": "job-complete", "arguments":
               {"id":"job2"}}
{"timestamp": {"seconds":  TIMESTAMP, "microseconds":  TIMESTAMP}, "event": "BLOCK_JOB_READY", "data": {"device": "job2", "len": LEN, "offset": OFFSET, "speed": 0, "type": "mirror"}}
{"return": {}}
{"execute": "blockdev-del", "arguments":
                {"node-name": "dst"}}
{"timestamp": {"seconds":  TIMESTAMP, "microseconds":  TIMESTAMP}, "event": "JOB_STATUS_CHANGE", "data": {"status": "waiting", "id": "job2"}}
{"timestamp": {"seconds":  TIMESTAMP, "microseconds":  TIMESTAMP}, "event": "JOB_STATUS_CHANGE", "data": {"status": "pending", "id": "job2"}}
{"timestamp": {"seconds":  TIMESTAMP, "microseconds":  TIMESTAMP}, "event": "BLOCK_JOB_COMPLETED", "data": {"device": "job2", "len": LEN, "offset": OFFSET, "speed": 0, "type": "mirror"}}
{"timestamp": {"seconds":  TIMESTAMP, "microseconds":  TIMESTAMP}, "event": "JOB_STATUS_CHANGE", "data": {"status": "concluded", "id": "job2"}}
{"timestamp": {"seconds":  TIMESTAMP, "microseconds":  TIMESTAMP}, "event": "JOB_STATUS_CHANGE", "data": {"status": "null", "id": "job2"}}
{"return": {}}
Images are identical.
Destination is sparse; expected sparse

=== Testing creation=full discard=ignore zeroes=off ===

{"execute": "blockdev-create", "arguments":
          {"options": {"driver":"file", "filename":"TEST_DIR/t.IMGFMT",
            "size":20971520, "preallocation":"full"},
           "job-id":"job1"}}
{"timestamp": {"seconds":  TIMESTAMP, "microseconds":  TIMESTAMP}, "event": "JOB_STATUS_CHANGE", "data": {"status": "created", "id": "job1"}}
{"timestamp": {"seconds":  TIMESTAMP, "microseconds":  TIMESTAMP}, "event": "JOB_STATUS_CHANGE", "data": {"status": "running", "id": "job1"}}
{"return": {}}
{"timestamp": {"seconds":  TIMESTAMP, "microseconds":  TIMESTAMP}, "event": "JOB_STATUS_CHANGE", "data": {"status": "waiting", "id": "job1"}}
{"timestamp": {"seconds":  TIMESTAMP, "microseconds":  TIMESTAMP}, "event": "JOB_STATUS_CHANGE", "data": {"status": "pending", "id": "job1"}}
{"timestamp": {"seconds":  TIMESTAMP, "microseconds":  TIMESTAMP}, "event": "JOB_STATUS_CHANGE", "data": {"status": "concluded", "id": "job1"}}
{"execute": "job-dismiss", "arguments":
          {"id": "job1"}}
{"timestamp": {"seconds":  TIMESTAMP, "microseconds":  TIMESTAMP}, "event": "JOB_STATUS_CHANGE", "data": {"status": "null", "id": "job1"}}
{"return": {}}
{"execute": "blockdev-add", "arguments":
                     {"node-name": "dst", "driver":"file",
                      "filename":"TEST_DIR/t.IMGFMT", "aio":"threads",
                      "auto-read-only":true, "discard":"ignore",
                      "detect-zeroes":"off"}}
{"return": {}}
{"execute":"blockdev-mirror", "arguments":
                     {"sync":"full", "device":"src", "target":"dst",
                      "job-id":"job2"}}
{"timestamp": {"seconds":  TIMESTAMP, "microseconds":  TIMESTAMP}, "event": "JOB_STATUS_CHANGE", "data": {"status": "created", "id": "job2"}}
{"timestamp": {"seconds":  TIMESTAMP, "microseconds":  TIMESTAMP}, "event": "JOB_STATUS_CHANGE", "data": {"status": "running", "id": "job2"}}
{"return": {}}
{"timestamp": {"seconds":  TIMESTAMP, "microseconds":  TIMESTAMP}, "event": "JOB_STATUS_CHANGE", "data": {"status": "ready", "id": "job2"}}
{"execute": "job-complete", "arguments":
               {"id":"job2"}}
{"timestamp": {"seconds":  TIMESTAMP, "microseconds":  TIMESTAMP}, "event": "BLOCK_JOB_READY", "data": {"device": "job2", "len": LEN, "offset": OFFSET, "speed": 0, "type": "mirror"}}
{"return": {}}
{"execute": "blockdev-del", "arguments":
                {"node-name": "dst"}}
{"timestamp": {"seconds":  TIMESTAMP, "microseconds":  TIMESTAMP}, "event": "JOB_STATUS_CHANGE", "data": {"status": "waiting", "id": "job2"}}
{"timestamp": {"seconds":  TIMESTAMP, "microseconds":  TIMESTAMP}, "event": "JOB_STATUS_CHANGE", "data": {"status": "pending", "id": "job2"}}
{"timestamp": {"seconds":  TIMESTAMP, "microseconds":  TIMESTAMP}, "event": "BLOCK_JOB_COMPLETED", "data": {"device": "job2", "len": LEN, "offset": OFFSET, "speed": 0, "type": "mirror"}}
{"timestamp": {"seconds":  TIMESTAMP, "microseconds":  TIMESTAMP}, "event": "JOB_STATUS_CHANGE", "data": {"status": "concluded", "id": "job2"}}
{"timestamp": {"seconds":  TIMESTAMP, "microseconds":  TIMESTAMP}, "event": "JOB_STATUS_CHANGE", "data": {"status": "null", "id": "job2"}}
{"return": {}}
Images are identical.
Destination is full; expected full

=== Testing creation=full discard=unmap zeroes=off ===

{"execute": "blockdev-create", "arguments":
          {"options": {"driver":"file", "filename":"TEST_DIR/t.IMGFMT",
            "size":20971520, "preallocation":"full"},
           "job-id":"job1"}}
{"timestamp": {"seconds":  TIMESTAMP, "microseconds":  TIMESTAMP}, "event": "JOB_STATUS_CHANGE", "data": {"status": "created", "id": "job1"}}
{"timestamp": {"seconds":  TIMESTAMP, "microseconds":  TIMESTAMP}, "event": "JOB_STATUS_CHANGE", "data": {"status": "running", "id": "job1"}}
{"return": {}}
{"timestamp": {"seconds":  TIMESTAMP, "microseconds":  TIMESTAMP}, "event": "JOB_STATUS_CHANGE", "data": {"status": "waiting", "id": "job1"}}
{"timestamp": {"seconds":  TIMESTAMP, "microseconds":  TIMESTAMP}, "event": "JOB_STATUS_CHANGE", "data": {"status": "pending", "id": "job1"}}
{"timestamp": {"seconds":  TIMESTAMP, "microseconds":  TIMESTAMP}, "event": "JOB_STATUS_CHANGE", "data": {"status": "concluded", "id": "job1"}}
{"execute": "job-dismiss", "arguments":
          {"id": "job1"}}
{"timestamp": {"seconds":  TIMESTAMP, "microseconds":  TIMESTAMP}, "event": "JOB_STATUS_CHANGE", "data": {"status": "null", "id": "job1"}}
{"return": {}}
{"execute": "blockdev-add", "arguments":
                     {"node-name": "dst", "driver":"file",
                      "filename":"TEST_DIR/t.IMGFMT", "aio":"threads",
                      "auto-read-only":true, "discard":"unmap",
                      "detect-zeroes":"off"}}
{"return": {}}
{"execute":"blockdev-mirror", "arguments":
                     {"sync":"full", "device":"src", "target":"dst",
                      "job-id":"job2"}}
{"timestamp": {"seconds":  TIMESTAMP, "microseconds":  TIMESTAMP}, "event": "JOB_STATUS_CHANGE", "data": {"status": "created", "id": "job2"}}
{"timestamp": {"seconds":  TIMESTAMP, "microseconds":  TIMESTAMP}, "event": "JOB_STATUS_CHANGE", "data": {"status": "running", "id": "job2"}}
{"return": {}}
{"timestamp": {"seconds":  TIMESTAMP, "microseconds":  TIMESTAMP}, "event": "JOB_STATUS_CHANGE", "data": {"status": "ready", "id": "job2"}}
{"execute": "job-complete", "arguments":
               {"id":"job2"}}
{"timestamp": {"seconds":  TIMESTAMP, "microseconds":  TIMESTAMP}, "event": "BLOCK_JOB_READY", "data": {"device": "job2", "len": LEN, "offset": OFFSET, "speed": 0, "type": "mirror"}}
{"return": {}}
{"execute": "blockdev-del", "arguments":
                {"node-name": "dst"}}
{"timestamp": {"seconds":  TIMESTAMP, "microseconds":  TIMESTAMP}, "event": "JOB_STATUS_CHANGE", "data": {"status": "waiting", "id": "job2"}}
{"timestamp": {"seconds":  TIMESTAMP, "microseconds":  TIMESTAMP}, "event": "JOB_STATUS_CHANGE", "data": {"status": "pending", "id": "job2"}}
{"timestamp": {"seconds":  TIMESTAMP, "microseconds":  TIMESTAMP}, "event": "BLOCK_JOB_COMPLETED", "data": {"device": "job2", "len": LEN, "offset": OFFSET, "speed": 0, "type": "mirror"}}
{"timestamp": {"seconds":  TIMESTAMP, "microseconds":  TIMESTAMP}, "event": "JOB_STATUS_CHANGE", "data": {"status": "concluded", "id": "job2"}}
{"timestamp": {"seconds":  TIMESTAMP, "microseconds":  TIMESTAMP}, "event": "JOB_STATUS_CHANGE", "data": {"status": "null", "id": "job2"}}
{"return": {}}
Images are identical.
Destination is sparse; expected sparse

=== Testing creation=full discard=unmap zeroes=unmap ===

{"execute": "blockdev-create", "arguments":
          {"options": {"driver":"file", "filename":"TEST_DIR/t.IMGFMT",
            "size":20971520, "preallocation":"full"},
           "job-id":"job1"}}
{"timestamp": {"seconds":  TIMESTAMP, "microseconds":  TIMESTAMP}, "event": "JOB_STATUS_CHANGE", "data": {"status": "created", "id": "job1"}}
{"timestamp": {"seconds":  TIMESTAMP, "microseconds":  TIMESTAMP}, "event": "JOB_STATUS_CHANGE", "data": {"status": "running", "id": "job1"}}
{"return": {}}
{"timestamp": {"seconds":  TIMESTAMP, "microseconds":  TIMESTAMP}, "event": "JOB_STATUS_CHANGE", "data": {"status": "waiting", "id": "job1"}}
{"timestamp": {"seconds":  TIMESTAMP, "microseconds":  TIMESTAMP}, "event": "JOB_STATUS_CHANGE", "data": {"status": "pending", "id": "job1"}}
{"timestamp": {"seconds":  TIMESTAMP, "microseconds":  TIMESTAMP}, "event": "JOB_STATUS_CHANGE", "data": {"status": "concluded", "id": "job1"}}
{"execute": "job-dismiss", "arguments":
          {"id": "job1"}}
{"timestamp": {"seconds":  TIMESTAMP, "microseconds":  TIMESTAMP}, "event": "JOB_STATUS_CHANGE", "data": {"status": "null", "id": "job1"}}
{"return": {}}
{"execute": "blockdev-add", "arguments":
                     {"node-name": "dst", "driver":"file",
                      "filename":"TEST_DIR/t.IMGFMT", "aio":"threads",
                      "auto-read-only":true, "discard":"unmap",
                      "detect-zeroes":"unmap"}}
{"return": {}}
{"execute":"blockdev-mirror", "arguments":
                     {"sync":"full", "device":"src", "target":"dst",
                      "job-id":"job2"}}
{"timestamp": {"seconds":  TIMESTAMP, "microseconds":  TIMESTAMP}, "event": "JOB_STATUS_CHANGE", "data": {"status": "created", "id": "job2"}}
{"timestamp": {"seconds":  TIMESTAMP, "microseconds":  TIMESTAMP}, "event": "JOB_STATUS_CHANGE", "data": {"status": "running", "id": "job2"}}
{"return": {}}
{"timestamp": {"seconds":  TIMESTAMP, "microseconds":  TIMESTAMP}, "event": "JOB_STATUS_CHANGE", "data": {"status": "ready", "id": "job2"}}
{"execute": "job-complete", "arguments":
               {"id":"job2"}}
{"timestamp": {"seconds":  TIMESTAMP, "microseconds":  TIMESTAMP}, "event": "BLOCK_JOB_READY", "data": {"device": "job2", "len": LEN, "offset": OFFSET, "speed": 0, "type": "mirror"}}
{"return": {}}
{"execute": "blockdev-del", "arguments":
                {"node-name": "dst"}}
{"timestamp": {"seconds":  TIMESTAMP, "microseconds":  TIMESTAMP}, "event": "JOB_STATUS_CHANGE", "data": {"status": "waiting", "id": "job2"}}
{"timestamp": {"seconds":  TIMESTAMP, "microseconds":  TIMESTAMP}, "event": "JOB_STATUS_CHANGE", "data": {"status": "pending", "id": "job2"}}
{"timestamp": {"seconds":  TIMESTAMP, "microseconds":  TIMESTAMP}, "event": "BLOCK_JOB_COMPLETED", "data": {"device": "job2", "len": LEN, "offset": OFFSET, "speed": 0, "type": "mirror"}}
{"timestamp": {"seconds":  TIMESTAMP, "microseconds":  TIMESTAMP}, "event": "JOB_STATUS_CHANGE", "data": {"status": "concluded", "id": "job2"}}
{"timestamp": {"seconds":  TIMESTAMP, "microseconds":  TIMESTAMP}, "event": "JOB_STATUS_CHANGE", "data": {"status": "null", "id": "job2"}}
{"return": {}}
Images are identical.
Destination is sparse; expected sparse
{"execute":"quit"}
*** done
