Preparing disk...
Launching source QSD...
Launching source VM...
Launching destination QSD...
Launching destination VM...

Test I/O on the source
{"execute": "human-monitor-command", "arguments": {"command-line": "qemu-io -d virtio0/virtio-backend \"write -P 0x11 0 4k\""}}
{"return": ""}
{"execute": "human-monitor-command", "arguments": {"command-line": "qemu-io -d virtio0/virtio-backend \"read -P 0x11 0 4k\""}}
{"return": ""}

Starting migration...
{"execute": "migrate-set-capabilities", "arguments": {"capabilities": [{"capability": "events", "state": true}, {"capability": "pause-before-switchover", "state": true}]}}
{"return": {}}
{"execute": "migrate-set-capabilities", "arguments": {"capabilities": [{"capability": "events", "state": true}, {"capability": "pause-before-switchover", "state": true}]}}
{"return": {}}
{"execute": "migrate", "arguments": {"uri": "unix:SOCK_DIR/PID-migrate.sock"}}
{"return": {}}

Pre-switchover: Reconfigure QSD instances
{"return": {}}
{"execute": "human-monitor-command", "arguments": {"command-line": "qemu-io -d virtio0/virtio-backend \"read -P 0x11 0 4k\""}}
{"return": ""}
{"execute": "human-monitor-command", "arguments": {"command-line": "qemu-io -d virtio0/virtio-backend \"read 0 4k\""}}
{"return": ""}
{"return": {}}

Completing migration...
{"execute": "migrate-continue", "arguments": {"state": "pre-switchover"}}
{"return": {}}

Test I/O on the destination
{"execute": "human-monitor-command", "arguments": {"command-line": "qemu-io -d virtio0/virtio-backend \"read -P 0x11 0 4k\""}}
{"return": ""}
{"execute": "human-monitor-command", "arguments": {"command-line": "qemu-io -d virtio0/virtio-backend \"write -P 0x22 0 4k\""}}
{"return": ""}
{"execute": "human-monitor-command", "arguments": {"command-line": "qemu-io -d virtio0/virtio-backend \"read -P 0x22 0 4k\""}}
{"return": ""}

Done

--- vm_src log ---
wrote 4096/4096 bytes at offset 0
4 KiB, X ops; XX:XX:XX.X (XXX YYY/sec and XXX ops/sec)
read 4096/4096 bytes at offset 0
4 KiB, X ops; XX:XX:XX.X (XXX YYY/sec and XXX ops/sec)
read 4096/4096 bytes at offset 0
4 KiB, X ops; XX:XX:XX.X (XXX YYY/sec and XXX ops/sec)

--- vm_dst log ---
read 4096/4096 bytes at offset 0
4 KiB, X ops; XX:XX:XX.X (XXX YYY/sec and XXX ops/sec)
read 4096/4096 bytes at offset 0
4 KiB, X ops; XX:XX:XX.X (XXX YYY/sec and XXX ops/sec)
wrote 4096/4096 bytes at offset 0
4 KiB, X ops; XX:XX:XX.X (XXX YYY/sec and XXX ops/sec)
read 4096/4096 bytes at offset 0
4 KiB, X ops; XX:XX:XX.X (XXX YYY/sec and XXX ops/sec)
