Container:
magic:          0x17082011
version:        0x01
container_size: 0x00000000 (0)
target_hrmor:   0x00000000
stack_pointer:  0x00000000
hw_pkey_a: 0000000000000000000000000000000000000000000000000000000000000000000000000000000000000000
           0000000000000000000000000000000000000000000000000000000000000000000000000000000000000000
           0000000000000000000000000000000000000000000000000000000000000000000000000000000000000000
hw_pkey_b: 0000000000000000000000000000000000000000000000000000000000000000000000000000000000000000
           0000000000000000000000000000000000000000000000000000000000000000000000000000000000000000
           0000000000000000000000000000000000000000000000000000000000000000000000000000000000000000
hw_pkey_c: 0000000000000000000000000000000000000000000000000000000000000000000000000000000000000000
           0000000000000000000000000000000000000000000000000000000000000000000000000000000000000000
           0000000000000000000000000000000000000000000000000000000000000000000000000000000000000000
HW keys hash (calculated):
           03bb354bfebb6f7e2bf5bd30e76c1942587d26cf78200d47db84bc002912ed58f62037e6258b484ed37211a0
           ad006050a027dc16d4c6182487acd34e57dc6c69

Prefix Header:
ver_alg:
  version:  0001
  hash_alg: 01 (SHA512)
  sig_alg:  01 (SHA512/ECDSA-521)
code_start_offset: 00000000
reserved:          00000000
flags:             00000000
sw_key_count:      00
payload_size:      00000000
payload_hash:      00000000000000000000000000000000000000000000000000000000000000000000000000000000
                   000000000000000000000000000000000000000000000000
ecid_count:        00

Prefix Data:
hw_sig_a:  0000000000000000000000000000000000000000000000000000000000000000000000000000000000000000
           0000000000000000000000000000000000000000000000000000000000000000000000000000000000000000
           0000000000000000000000000000000000000000000000000000000000000000000000000000000000000000
hw_sig_b:  0000000000000000000000000000000000000000000000000000000000000000000000000000000000000000
           0000000000000000000000000000000000000000000000000000000000000000000000000000000000000000
           0000000000000000000000000000000000000000000000000000000000000000000000000000000000000000
hw_sig_c:  0000000000000000000000000000000000000000000000000000000000000000000000000000000000000000
           0000000000000000000000000000000000000000000000000000000000000000000000000000000000000000
           0000000000000000000000000000000000000000000000000000000000000000000000000000000000000000

Software Header:
ver_alg:
  version:  0000
  hash_alg: 00 (UNKNOWN)
  sig_alg:  00 (UNKNOWN)
code_start_offset: 00000000
reserved:          00000000
reserved (ASCII):  
flags:             00000000
reserved_0:        00
payload_size:      00000000 (0)
payload_hash:      00000000000000000000000000000000000000000000000000000000000000000000000000000000
                   000000000000000000000000000000000000000000000000
ecid_count:        00

Software Signatures:
sw_sig_p:  0000000000000000000000000000000000000000000000000000000000000000000000000000000000000000
           0000000000000000000000000000000000000000000000000000000000000000000000000000000000000000
           0000000000000000000000000000000000000000000000000000000000000000000000000000000000000000
sw_sig_q:  0000000000000000000000000000000000000000000000000000000000000000000000000000000000000000
           0000000000000000000000000000000000000000000000000000000000000000000000000000000000000000
           0000000000000000000000000000000000000000000000000000000000000000000000000000000000000000
sw_sig_r:  0000000000000000000000000000000000000000000000000000000000000000000000000000000000000000
           0000000000000000000000000000000000000000000000000000000000000000000000000000000000000000
           0000000000000000000000000000000000000000000000000000000000000000000000000000000000000000

